#-----------------------------------------------------------
# Vivado v2025.2 (64-bit)
# SW Build 6299465 on Fri Nov 14 19:35:11 GMT 2025
# IP Build 6300035 on Fri Nov 14 10:48:45 MST 2025
# SharedData Build 6298862 on Thu Nov 13 04:50:51 MST 2025
# Start of session at: Sat Jan 17 03:23:18 2026
# Process ID         : 17704
# Current directory  : C:/Users/user/Desktop/uOttaHack_FPGA/fpga_top/fpga_top.runs/impl_1
# Command line       : vivado.exe -log fpga_top.vdi -applog -product Vivado -messageDb vivado.pb -mode batch -source fpga_top.tcl -notrace
# Log file           : C:/Users/user/Desktop/uOttaHack_FPGA/fpga_top/fpga_top.runs/impl_1/fpga_top.vdi
# Journal file       : C:/Users/user/Desktop/uOttaHack_FPGA/fpga_top/fpga_top.runs/impl_1\vivado.jou
# Running On         : DESKTOP-8UDMB9L
# Platform           : Windows Server 2016 or Windows 10
# Operating System   : 26200
# Processor Detail   : 11th Gen Intel(R) Core(TM) i7-1185G7 @ 3.00GHz
# CPU Frequency      : 1805 MHz
# CPU Physical cores : 4
# CPU Logical cores  : 8
# Host memory        : 16892 MB
# Swap memory        : 3965 MB
# Total Virtual      : 20858 MB
# Available Virtual  : 4051 MB
#-----------------------------------------------------------
source fpga_top.tcl -notrace
